
> happy-talk@0.0.0 test:ci
> node scripts/test-ci.js

(node:7264) [DEP0190] DeprecationWarning: Passing args to a child process with shell option true can lead to security vulnerabilities, as the arguments are not escaped, only concatenated.
(Use `node --trace-deprecation ...` to show where the warning was created)
[33m>[39m Building...
[32mΓêÜ[39m Building...
[1mInitial chunk files[22m          [2m | [22m[1mNames[22m                     [2m | [22m [1mRaw size[22m
[32mspec-app-pages-chat-chat.js[39m  [2m | [22m[2mspec-app-pages-chat-chat[22m  [2m | [22m[36m210.86 kB[39m[2m | [22m
[32mspec-app-app.js[39m              [2m | [22m[2mspec-app-app[22m              [2m | [22m [36m15.18 kB[39m[2m | [22m
[32mspec-app-pages-home-home.js[39m  [2m | [22m[2mspec-app-pages-home-home[22m  [2m | [22m [36m12.01 kB[39m[2m | [22m
[32mchunk-TZL724UX.js[39m            [2m | [22m[2m-[22m                         [2m | [22m  [36m6.50 kB[39m[2m | [22m
[32mstyles.css[39m                   [2m | [22m[2mstyles[22m                    [2m | [22m  [36m5.72 kB[39m[2m | [22m
[32mchunk-RSTWSNOR.js[39m            [2m | [22m[2m-[22m                         [2m | [22m  [36m4.75 kB[39m[2m | [22m
[32mchunk-S52KSMMT.js[39m            [2m | [22m[2m-[22m                         [2m | [22m  [36m1.73 kB[39m[2m | [22m
[32minit-testbed.js[39m              [2m | [22m[2minit-testbed[22m              [2m | [22m  [36m1.21 kB[39m[2m | [22m
[32mspec-app-guards-auth-guard.js[39m[2m | [22m[2mspec-app-guards-auth-guard[22m[2m | [22m[36m945 bytes[39m[2m | [22m

[1m [22m                            [2m | [22m[1mInitial total[22m             [2m | [22m[1m258.90 kB[22m

Application bundle generation complete. [3.034 seconds] - 2026-02-04T16:39:30.320Z


[1m[46m RUN [49m[22m [36mv4.0.18 [39m[90mC:/Users/vxn20a/source/repos/Chat-HappyTalk[39m

 [32mΓ£ô[39m [30m[43m happy-talk [49m[39m src/app/guards/auth-guard.spec.ts [2m([22m[2m1 test[22m[2m)[22m[32m 5[2mms[22m[39m
 [32mΓ£ô[39m [30m[43m happy-talk [49m[39m src/app/app.spec.ts [2m([22m[2m2 tests[22m[2m)[22m[32m 159[2mms[22m[39m
 [32mΓ£ô[39m [30m[43m happy-talk [49m[39m src/app/pages/home/home.spec.ts [2m([22m[2m1 test[22m[2m)[22m[32m 191[2mms[22m[39m
 [32mΓ£ô[39m [30m[43m happy-talk [49m[39m src/app/pages/chat/chat.spec.ts [2m([22m[2m1 test[22m[2m)[22m[33m 400[2mms[22m[39m
     [33m[2mΓ£ô[22m[39m should create [33m 398[2mms[22m[39m
ΓÄ»ΓÄ»ΓÄ»ΓÄ»ΓÄ»ΓÄ» Unhandled Errors ΓÄ»ΓÄ»ΓÄ»ΓÄ»ΓÄ»ΓÄ»

Vitest caught 3 unhandled errors during the test run.
This might cause false positive tests. Resolve unhandled errors to make sure your tests are not affected.

ΓÄ»ΓÄ»ΓÄ»ΓÄ» Unhandled Rejection ΓÄ»ΓÄ»ΓÄ»ΓÄ»ΓÄ»
TypeError: this.authService.getToken is not a function
 Γ¥» _RoomList.getAuthHeaders src/app/components/room-list/room-list.ts:43:36
 Γ¥» _RoomList.loadRooms src/app/components/room-list/room-list.ts:55:26
 Γ¥» _RoomList.ngOnInit src/app/components/room-list/room-list.ts:36:16
 Γ¥» callHookInternal node_modules/@angular/core/fesm2022/_debug_node-chunk.mjs:555:10
 Γ¥» callHook node_modules/@angular/core/fesm2022/_debug_node-chunk.mjs:570:7
 Γ¥» callHooks node_modules/@angular/core/fesm2022/_debug_node-chunk.mjs:544:9
 Γ¥» executeInitAndCheckHooks node_modules/@angular/core/fesm2022/_debug_node-chunk.mjs:513:5
 Γ¥» selectIndexInternal node_modules/@angular/core/fesm2022/_debug_node-chunk.mjs:3934:9
 Γ¥» Module.╔╡╔╡advance node_modules/@angular/core/fesm2022/_debug_node-chunk.mjs:3920:3
 Γ¥» Chat_Template src/app/pages/chat/chat.html:43:11

This error originated in "src/app/pages/chat/chat.spec.ts" test file. It doesn't mean the error was thrown inside the file itself, but while it was running.
The latest test that might've caused the error is "should create". It might mean one of the following:
- The error was thrown, while Vitest was running this test.
- If the error occurred after the test had been completed, this was the last documented test before it was thrown.

ΓÄ»ΓÄ»ΓÄ»ΓÄ» Unhandled Rejection ΓÄ»ΓÄ»ΓÄ»ΓÄ»ΓÄ»
TypeError: this.authService.getOnlineUsers is not a function
 Γ¥» _UserList.loadOnlineUsers src/app/components/user-list/user-list.ts:35:22
 Γ¥» _UserList.ngOnInit src/app/components/user-list/user-list.ts:24:16
 Γ¥» callHookInternal node_modules/@angular/core/fesm2022/_debug_node-chunk.mjs:555:10
 Γ¥» callHook node_modules/@angular/core/fesm2022/_debug_node-chunk.mjs:570:7
 Γ¥» callHooks node_modules/@angular/core/fesm2022/_debug_node-chunk.mjs:544:9
 Γ¥» executeInitAndCheckHooks node_modules/@angular/core/fesm2022/_debug_node-chunk.mjs:513:5
 Γ¥» selectIndexInternal node_modules/@angular/core/fesm2022/_debug_node-chunk.mjs:3934:9
 Γ¥» Module.╔╡╔╡advance node_modules/@angular/core/fesm2022/_debug_node-chunk.mjs:3920:3
 Γ¥» Chat_Template src/app/pages/chat/chat.html:43:11
 Γ¥» executeTemplate node_modules/@angular/core/fesm2022/_debug_node-chunk.mjs:4835:5

This error originated in "src/app/pages/chat/chat.spec.ts" test file. It doesn't mean the error was thrown inside the file itself, but while it was running.
The latest test that might've caused the error is "should create". It might mean one of the following:
- The error was thrown, while Vitest was running this test.
- If the error occurred after the test had been completed, this was the last documented test before it was thrown.

ΓÄ»ΓÄ»ΓÄ»ΓÄ»ΓÄ» Uncaught Exception ΓÄ»ΓÄ»ΓÄ»ΓÄ»ΓÄ»
HttpErrorResponse: Http failure response for /contacts?includeOffline=true: 0 Unknown Error
ΓÄ»ΓÄ»ΓÄ»ΓÄ»ΓÄ»ΓÄ»ΓÄ»ΓÄ»ΓÄ»ΓÄ»ΓÄ»ΓÄ»ΓÄ»ΓÄ»ΓÄ»ΓÄ»ΓÄ»ΓÄ»ΓÄ»ΓÄ»ΓÄ»ΓÄ»ΓÄ»ΓÄ»ΓÄ»ΓÄ»ΓÄ»ΓÄ»ΓÄ»ΓÄ»
Serialized Error: { headers: { headers: { constructor: 'Function<Map>', get: 'Function<get>', set: 'Function<set>', has: 'Function<has>', delete: 'Function<delete>', clear: 'Function<clear>', entries: 'Function<entries>', forEach: 'Function<forEach>', keys: 'Function<keys>', size: +0, values: 'Function<values>' }, normalizedNames: { constructor: 'Function<Map>', get: 'Function<get>', set: 'Function<set>', has: 'Function<has>', delete: 'Function<delete>', clear: 'Function<clear>', entries: 'Function<entries>', forEach: 'Function<forEach>', keys: 'Function<keys>', size: +0, values: 'Function<values>' }, lazyInit: undefined, lazyUpdate: null, constructor: 'Function<HttpHeaders>', has: 'Function<has>', get: 'Function<get>', keys: 'Function<keys>', getAll: 'Function<getAll>', append: 'Function<append>', set: 'Function<set>', delete: 'Function<delete>', maybeSetNormalizedName: 'Function<maybeSetNormalizedName>', init: 'Function<init>', copyFrom: 'Function<copyFrom>', clone: 'Function<clone>', applyUpdate: 'Function<applyUpdate>', addHeaderEntry: 'Function<addHeaderEntry>', setHeaderEntries: 'Function<setHeaderEntries>', forEach: 'Function<forEach>' }, status: +0, statusText: 'Unknown Error', url: '/contacts?includeOffline=true', redirected: undefined, responseType: undefined, error: { isTrusted: true, constructor: 'Function<ProgressEvent>', lengthComputable: false, loaded: +0, total: +0, composedPath: 'Function<composedPath>', stopPropagation: 'Function<stopPropagation>', stopImmediatePropagation: 'Function<stopImmediatePropagation>', preventDefault: 'Function<preventDefault>', initEvent: 'Function<initEvent>', type: 'error', target: { constructor: 'Function<XMLHttpRequest>', open: 'Function<open>', setRequestHeader: 'Function<setRequestHeader>', send: 'Function<send>', abort: 'Function<abort>', getResponseHeader: 'Function<getResponseHeader>', getAllResponseHeaders: 'Function<getAllResponseHeaders>', overrideMimeType: 'Function<overrideMimeType>', onreadystatechange: null, readyState: 4, timeout: +0, withCredentials: false, upload: { constructor: 'Function<XMLHttpRequestUpload>', onloadstart: null, onprogress: null, onabort: null, onerror: null, onload: null, ontimeout: null, onloadend: null, addEventListener: 'Function<addEventListener>', removeEventListener: 'Function<removeEventListener>', dispatchEvent: 'Function<dispatchEvent>', __defineGetter__: 'Function<__defineGetter__>', __defineSetter__: 'Function<__defineSetter__>', hasOwnProperty: 'Function<hasOwnProperty>', __lookupGetter__: 'Function<__lookupGetter__>', __lookupSetter__: 'Function<__lookupSetter__>', isPrototypeOf: 'Function<isPrototypeOf>', propertyIsEnumerable: 'Function<propertyIsEnumerable>', toString: 'Function<toString>', valueOf: 'Function<valueOf>', __proto__: { constructor: 'Function<XMLHttpRequestUpload>', onloadstart: '<unserializable>', onprogress: '<unserializable>', onabort: '<unserializable>', onerror: '<unserializable>', onload: '<unserializable>', ontimeout: '<unserializable>', onloadend: '<unserializable>', addEventListener: 'Function<addEventListener>', removeEventListener: 'Function<removeEventListener>', dispatchEvent: 'Function<dispatchEvent>', __defineGetter__: 'Function<__defineGetter__>', __defineSetter__: 'Function<__defineSetter__>', hasOwnProperty: 'Function<hasOwnProperty>', __lookupGetter__: 'Function<__lookupGetter__>', __lookupSetter__: 'Function<__lookupSetter__>', isPrototypeOf: 'Function<isPrototypeOf>', propertyIsEnumerable: 'Function<propertyIsEnumerable>', toString: 'Function<toString>', valueOf: 'Function<valueOf>', __proto__: { constructor: 'Function<XMLHttpRequestEventTarget>', onloadstart: '<unserializable>', onprogress: '<unserializable>', onabort: '<unserializable>', onerror: '<unserializable>', onload: '<unserializable>', ontimeout: '<unserializable>', onloadend: '<unserializable>', addEventListener: 'Function<addEventListener>', removeEventListener: 'Function<removeEventListener>', dispatchEvent: 'Function<dispatchEvent>', __defineGetter__: 'Function<__defineGetter__>', __defineSetter__: 'Function<__defineSetter__>', hasOwnProperty: 'Function<hasOwnProperty>', __lookupGetter__: 'Function<__lookupGetter__>', __lookupSetter__: 'Function<__lookupSetter__>', isPrototypeOf: 'Function<isPrototypeOf>', propertyIsEnumerable: 'Function<propertyIsEnumerable>', toString: 'Function<toString>', valueOf: 'Function<valueOf>', __proto__: { constructor: 'Function<EventTarget>', addEventListener: 'Function<addEventListener>', removeEventListener: 'Function<removeEventListener>', dispatchEvent: 'Function<dispatchEvent>', __defineGetter__: 'Function<__defineGetter__>', __defineSetter__: 'Function<__defineSetter__>', hasOwnProperty: 'Function<hasOwnProperty>', __lookupGetter__: 'Function<__lookupGetter__>', __lookupSetter__: 'Function<__lookupSetter__>', isPrototypeOf: 'Function<isPrototypeOf>', propertyIsEnumerable: 'Function<propertyIsEnumerable>', toString: 'Function<toString>', valueOf: 'Function<valueOf>', __proto__: { constructor: 'Function<Object>', __defineGetter__: 'Function<__defineGetter__>', __defineSetter__: 'Function<__defineSetter__>', hasOwnProperty: 'Function<hasOwnProperty>', __lookupGetter__: 'Function<__lookupGetter__>', __lookupSetter__: 'Function<__lookupSetter__>', isPrototypeOf: 'Function<isPrototypeOf>', propertyIsEnumerable: 'Function<propertyIsEnumerable>', toString: 'Function<toString>', valueOf: 'Function<valueOf>', __proto__: null, toLocaleString: 'Function<toLocaleString>' }, toLocaleString: 'Function<toLocaleString>' }, toLocaleString: 'Function<toLocaleString>' }, toLocaleString: 'Function<toLocaleString>' }, toLocaleString: 'Function<toLocaleString>' }, responseURL: '', status: +0, statusText: '', responseType: 'text', response: '', responseText: '', responseXML: '<unserializable>', UNSENT: +0, OPENED: 1, HEADERS_RECEIVED: 2, LOADING: 3, DONE: 4, onloadstart: null, onprogress: null, onabort: null, onerror: null, onload: null, ontimeout: null, onloadend: null, addEventListener: 'Function<addEventListener>', removeEventListener: 'Function<removeEventListener>', dispatchEvent: 'Function<dispatchEvent>', __defineGetter__: 'Function<__defineGetter__>', __defineSetter__: 'Function<__defineSetter__>', hasOwnProperty: 'Function<hasOwnProperty>', __lookupGetter__: 'Function<__lookupGetter__>', __lookupSetter__: 'Function<__lookupSetter__>', isPrototypeOf: 'Function<isPrototypeOf>', propertyIsEnumerable: 'Function<propertyIsEnumerable>', toString: 'Function<toString>', valueOf: 'Function<valueOf>', __proto__: { constructor: 'Function<XMLHttpRequest>', open: 'Function<open>', setRequestHeader: 'Function<setRequestHeader>', send: 'Function<send>', abort: 'Function<abort>', getResponseHeader: 'Function<getResponseHeader>', getAllResponseHeaders: 'Function<getAllResponseHeaders>', overrideMimeType: 'Function<overrideMimeType>', onreadystatechange: '<unserializable>', readyState: '<unserializable>', timeout: '<unserializable>', withCredentials: '<unserializable>', upload: '<unserializable>', responseURL: '<unserializable>', status: '<unserializable>', statusText: '<unserializable>', responseType: '<unserializable>', response: '<unserializable>', responseText: '<unserializable>', responseXML: '<unserializable>', UNSENT: +0, OPENED: 1, HEADERS_RECEIVED: 2, LOADING: 3, DONE: 4, onloadstart: '<unserializable>', onprogress: '<unserializable>', onabort: '<unserializable>', onerror: '<unserializable>', onload: '<unserializable>', ontimeout: '<unserializable>', onloadend: '<unserializable>', addEventListener: 'Function<addEventListener>', removeEventListener: 'Function<removeEventListener>', dispatchEvent: 'Function<dispatchEvent>', __defineGetter__: 'Function<__defineGetter__>', __defineSetter__: 'Function<__defineSetter__>', hasOwnProperty: 'Function<hasOwnProperty>', __lookupGetter__: 'Function<__lookupGetter__>', __lookupSetter__: 'Function<__lookupSetter__>', isPrototypeOf: 'Function<isPrototypeOf>', propertyIsEnumerable: 'Function<propertyIsEnumerable>', toString: 'Function<toString>', valueOf: 'Function<valueOf>', __proto__: { constructor: 'Function<XMLHttpRequestEventTarget>', onloadstart: '<unserializable>', onprogress: '<unserializable>', onabort: '<unserializable>', onerror: '<unserializable>', onload: '<unserializable>', ontimeout: '<unserializable>', onloadend: '<unserializable>', addEventListener: 'Function<addEventListener>', removeEventListener: 'Function<removeEventListener>', dispatchEvent: 'Function<dispatchEvent>', __defineGetter__: 'Function<__defineGetter__>', __defineSetter__: 'Function<__defineSetter__>', hasOwnProperty: 'Function<hasOwnProperty>', __lookupGetter__: 'Function<__lookupGetter__>', __lookupSetter__: 'Function<__lookupSetter__>', isPrototypeOf: 'Function<isPrototypeOf>', propertyIsEnumerable: 'Function<propertyIsEnumerable>', toString: 'Function<toString>', valueOf: 'Function<valueOf>', __proto__: { constructor: 'Function<EventTarget>', addEventListener: 'Function<addEventListener>', removeEventListener: 'Function<removeEventListener>', dispatchEvent: 'Function<dispatchEvent>', __defineGetter__: 'Function<__defineGetter__>', __defineSetter__: 'Function<__defineSetter__>', hasOwnProperty: 'Function<hasOwnProperty>', __lookupGetter__: 'Function<__lookupGetter__>', __lookupSetter__: 'Function<__lookupSetter__>', isPrototypeOf: 'Function<isPrototypeOf>', propertyIsEnumerable: 'Function<propertyIsEnumerable>', toString: 'Function<toString>', valueOf: 'Function<valueOf>', __proto__: { constructor: 'Function<Object>', __defineGetter__: 'Function<__defineGetter__>', __defineSetter__: 'Function<__defineSetter__>', hasOwnProperty: 'Function<hasOwnProperty>', __lookupGetter__: 'Function<__lookupGetter__>', __lookupSetter__: 'Function<__lookupSetter__>', isPrototypeOf: 'Function<isPrototypeOf>', propertyIsEnumerable: 'Function<propertyIsEnumerable>', toString: 'Function<toString>', valueOf: 'Function<valueOf>', __proto__: null, toLocaleString: 'Function<toLocaleString>' }, toLocaleString: 'Function<toLocaleString>' }, toLocaleString: 'Function<toLocaleString>' }, toLocaleString: 'Function<toLocaleString>' }, toLocaleString: 'Function<toLocaleString>' }, srcElement: { constructor: 'Function<XMLHttpRequest>', open: 'Function<open>', setRequestHeader: 'Function<setRequestHeader>', send: 'Function<send>', abort: 'Function<abort>', getResponseHeader: 'Function<getResponseHeader>', getAllResponseHeaders: 'Function<getAllResponseHeaders>', overrideMimeType: 'Function<overrideMimeType>', onreadystatechange: null, readyState: 4, timeout: +0, withCredentials: false, upload: { constructor: 'Function<XMLHttpRequestUpload>', onloadstart: null, onprogress: null, onabort: null, onerror: null, onload: null, ontimeout: null, onloadend: null, addEventListener: 'Function<addEventListener>', removeEventListener: 'Function<removeEventListener>', dispatchEvent: 'Function<dispatchEvent>', __defineGetter__: 'Function<__defineGetter__>', __defineSetter__: 'Function<__defineSetter__>', hasOwnProperty: 'Function<hasOwnProperty>', __lookupGetter__: 'Function<__lookupGetter__>', __lookupSetter__: 'Function<__lookupSetter__>', isPrototypeOf: 'Function<isPrototypeOf>', propertyIsEnumerable: 'Function<propertyIsEnumerable>', toString: 'Function<toString>', valueOf: 'Function<valueOf>', __proto__: { constructor: 'Function<XMLHttpRequestUpload>', onloadstart: '<unserializable>', onprogress: '<unserializable>', onabort: '<unserializable>', onerror: '<unserializable>', onload: '<unserializable>', ontimeout: '<unserializable>', onloadend: '<unserializable>', addEventListener: 'Function<addEventListener>', removeEventListener: 'Function<removeEventListener>', dispatchEvent: 'Function<dispatchEvent>', __defineGetter__: 'Function<__defineGetter__>', __defineSetter__: 'Function<__defineSetter__>', hasOwnProperty: 'Function<hasOwnProperty>', __lookupGetter__: 'Function<__lookupGetter__>', __lookupSetter__: 'Function<__lookupSetter__>', isPrototypeOf: 'Function<isPrototypeOf>', propertyIsEnumerable: 'Function<propertyIsEnumerable>', toString: 'Function<toString>', valueOf: 'Function<valueOf>', __proto__: { constructor: 'Function<XMLHttpRequestEventTarget>', onloadstart: '<unserializable>', onprogress: '<unserializable>', onabort: '<unserializable>', onerror: '<unserializable>', onload: '<unserializable>', ontimeout: '<unserializable>', onloadend: '<unserializable>', addEventListener: 'Function<addEventListener>', removeEventListener: 'Function<removeEventListener>', dispatchEvent: 'Function<dispatchEvent>', __defineGetter__: 'Function<__defineGetter__>', __defineSetter__: 'Function<__defineSetter__>', hasOwnProperty: 'Function<hasOwnProperty>', __lookupGetter__: 'Function<__lookupGetter__>', __lookupSetter__: 'Function<__lookupSetter__>', isPrototypeOf: 'Function<isPrototypeOf>', propertyIsEnumerable: 'Function<propertyIsEnumerable>', toString: 'Function<toString>', valueOf: 'Function<valueOf>', __proto__: { constructor: 'Function<EventTarget>', addEventListener: 'Function<addEventListener>', removeEventListener: 'Function<removeEventListener>', dispatchEvent: 'Function<dispatchEvent>', __defineGetter__: 'Function<__defineGetter__>', __defineSetter__: 'Function<__defineSetter__>', hasOwnProperty: 'Function<hasOwnProperty>', __lookupGetter__: 'Function<__lookupGetter__>', __lookupSetter__: 'Function<__lookupSetter__>', isPrototypeOf: 'Function<isPrototypeOf>', propertyIsEnumerable: 'Function<propertyIsEnumerable>', toString: 'Function<toString>', valueOf: 'Function<valueOf>', __proto__: { constructor: 'Function<Object>', __defineGetter__: 'Function<__defineGetter__>', __defineSetter__: 'Function<__defineSetter__>', hasOwnProperty: 'Function<hasOwnProperty>', __lookupGetter__: 'Function<__lookupGetter__>', __lookupSetter__: 'Function<__lookupSetter__>', isPrototypeOf: 'Function<isPrototypeOf>', propertyIsEnumerable: 'Function<propertyIsEnumerable>', toString: 'Function<toString>', valueOf: 'Function<valueOf>', __proto__: null, toLocaleString: 'Function<toLocaleString>' }, toLocaleString: 'Function<toLocaleString>' }, toLocaleString: 'Function<toLocaleString>' }, toLocaleString: 'Function<toLocaleString>' }, toLocaleString: 'Function<toLocaleString>' }, responseURL: '', status: +0, statusText: '', responseType: 'text', response: '', responseText: '', responseXML: '<unserializable>', UNSENT: +0, OPENED: 1, HEADERS_RECEIVED: 2, LOADING: 3, DONE: 4, onloadstart: null, onprogress: null, onabort: null, onerror: null, onload: null, ontimeout: null, onloadend: null, addEventListener: 'Function<addEventListener>', removeEventListener: 'Function<removeEventListener>', dispatchEvent: 'Function<dispatchEvent>', __defineGetter__: 'Function<__defineGetter__>', __defineSetter__: 'Function<__defineSetter__>', hasOwnProperty: 'Function<hasOwnProperty>', __lookupGetter__: 'Function<__lookupGetter__>', __lookupSetter__: 'Function<__lookupSetter__>', isPrototypeOf: 'Function<isPrototypeOf>', propertyIsEnumerable: 'Function<propertyIsEnumerable>', toString: 'Function<toString>', valueOf: 'Function<valueOf>', __proto__: { constructor: 'Function<XMLHttpRequest>', open: 'Function<open>', setRequestHeader: 'Function<setRequestHeader>', send: 'Function<send>', abort: 'Function<abort>', getResponseHeader: 'Function<getResponseHeader>', getAllResponseHeaders: 'Function<getAllResponseHeaders>', overrideMimeType: 'Function<overrideMimeType>', onreadystatechange: '<unserializable>', readyState: '<unserializable>', timeout: '<unserializable>', withCredentials: '<unserializable>', upload: '<unserializable>', responseURL: '<unserializable>', status: '<unserializable>', statusText: '<unserializable>', responseType: '<unserializable>', response: '<unserializable>', responseText: '<unserializable>', responseXML: '<unserializable>', UNSENT: +0, OPENED: 1, HEADERS_RECEIVED: 2, LOADING: 3, DONE: 4, onloadstart: '<unserializable>', onprogress: '<unserializable>', onabort: '<unserializable>', onerror: '<unserializable>', onload: '<unserializable>', ontimeout: '<unserializable>', onloadend: '<unserializable>', addEventListener: 'Function<addEventListener>', removeEventListener: 'Function<removeEventListener>', dispatchEvent: 'Function<dispatchEvent>', __defineGetter__: 'Function<__defineGetter__>', __defineSetter__: 'Function<__defineSetter__>', hasOwnProperty: 'Function<hasOwnProperty>', __lookupGetter__: 'Function<__lookupGetter__>', __lookupSetter__: 'Function<__lookupSetter__>', isPrototypeOf: 'Function<isPrototypeOf>', propertyIsEnumerable: 'Function<propertyIsEnumerable>', toString: 'Function<toString>', valueOf: 'Function<valueOf>', __proto__: { constructor: 'Function<XMLHttpRequestEventTarget>', onloadstart: '<unserializable>', onprogress: '<unserializable>', onabort: '<unserializable>', onerror: '<unserializable>', onload: '<unserializable>', ontimeout: '<unserializable>', onloadend: '<unserializable>', addEventListener: 'Function<addEventListener>', removeEventListener: 'Function<removeEventListener>', dispatchEvent: 'Function<dispatchEvent>', __defineGetter__: 'Function<__defineGetter__>', __defineSetter__: 'Function<__defineSetter__>', hasOwnProperty: 'Function<hasOwnProperty>', __lookupGetter__: 'Function<__lookupGetter__>', __lookupSetter__: 'Function<__lookupSetter__>', isPrototypeOf: 'Function<isPrototypeOf>', propertyIsEnumerable: 'Function<propertyIsEnumerable>', toString: 'Function<toString>', valueOf: 'Function<valueOf>', __proto__: { constructor: 'Function<EventTarget>', addEventListener: 'Function<addEventListener>', removeEventListener: 'Function<removeEventListener>', dispatchEvent: 'Function<dispatchEvent>', __defineGetter__: 'Function<__defineGetter__>', __defineSetter__: 'Function<__defineSetter__>', hasOwnProperty: 'Function<hasOwnProperty>', __lookupGetter__: 'Function<__lookupGetter__>', __lookupSetter__: 'Function<__lookupSetter__>', isPrototypeOf: 'Function<isPrototypeOf>', propertyIsEnumerable: 'Function<propertyIsEnumerable>', toString: 'Function<toString>', valueOf: 'Function<valueOf>', __proto__: { constructor: 'Function<Object>', __defineGetter__: 'Function<__defineGetter__>', __defineSetter__: 'Function<__defineSetter__>', hasOwnProperty: 'Function<hasOwnProperty>', __lookupGetter__: 'Function<__lookupGetter__>', __lookupSetter__: 'Function<__lookupSetter__>', isPrototypeOf: 'Function<isPrototypeOf>', propertyIsEnumerable: 'Function<propertyIsEnumerable>', toString: 'Function<toString>', valueOf: 'Function<valueOf>', __proto__: null, toLocaleString: 'Function<toLocaleString>' }, toLocaleString: 'Function<toLocaleString>' }, toLocaleString: 'Function<toLocaleString>' }, toLocaleString: 'Function<toLocaleString>' }, toLocaleString: 'Function<toLocaleString>' }, currentTarget: null, eventPhase: +0, cancelBubble: false, bubbles: false, cancelable: false, returnValue: true, defaultPrevented: false, composed: false, timeStamp: 1770223174128, NONE: +0, CAPTURING_PHASE: 1, AT_TARGET: 2, BUBBLING_PHASE: 3 } }
This error originated in "src/app/pages/chat/chat.spec.ts" test file. It doesn't mean the error was thrown inside the file itself, but while it was running.
The latest test that might've caused the error is "should create". It might mean one of the following:
- The error was thrown, while Vitest was running this test.
- If the error occurred after the test had been completed, this was the last documented test before it was thrown.
ΓÄ»ΓÄ»ΓÄ»ΓÄ»ΓÄ»ΓÄ»ΓÄ»ΓÄ»ΓÄ»ΓÄ»ΓÄ»ΓÄ»ΓÄ»ΓÄ»ΓÄ»ΓÄ»ΓÄ»ΓÄ»ΓÄ»ΓÄ»ΓÄ»ΓÄ»ΓÄ»ΓÄ»ΓÄ»ΓÄ»ΓÄ»ΓÄ»ΓÄ»ΓÄ»


[2m Test Files [22m [1m[32m4 passed[39m[22m[90m (4)[39m
[2m      Tests [22m [1m[32m5 passed[39m[22m[90m (5)[39m
[2m     Errors [22m [1m[31m3 errors[39m[22m
[2m   Start at [22m 16:39:30
[2m   Duration [22m 3.25s[2m (transform 713ms, setup 2.87s, import 1.11s, tests 754ms, environment 5.45s)[22m


--- Test Analysis ---
Test files passed: not found
Tests passed: not found
Failed tests: none
Original exit code: 1

Using original exit code: 1
